Microchip MPLAB XC8 Compiler V2.00 ()

Linker command line:

-W-3 --edf=C:\Program Files (x86)\Microchip\xc8\v2.00\pic\dat\en_msgs.txt \
  -cs -h+dist/default/production\Firmware.production.sym \
  --cmf=dist/default/production\Firmware.production.cmf -z -Q16F18324 \
  -oC:\Users\sleep\AppData\Local\Temp\sf94.2 --defsym=__MPLAB_BUILD=1 \
  -Mdist/default/production/Firmware.production.map -E1 -ver=XC8 \
  --acfsm=1493 -ASTACK=0216Fh-021efh -pstack=STACK -ACODE=00h-07FFhx2 \
  -ASTRCODE=00h-0FFFh -ASTRING=00h-0FFhx16 -ACONST=00h-0FFhx16 \
  -AENTRY=00h-0FFhx16 -ACOMMON=070h-07Fh -ABANK0=020h-06Fh \
  -ABANK1=0A0h-0EFh -ABANK2=0120h-016Fh -ABANK3=01A0h-01EFh \
  -ABANK4=0220h-026Fh -ABANK5=02A0h-02EFh -ABANK6=0320h-032Fh \
  -ABIGRAM=02000h-021EFh \
  -ARAM=020h-06Fh,0A0h-0EFh,0120h-016Fh,01A0h-01EFh,0220h-026Fh,02A0h-02EFh,0320h-032Fh \
  -AABS1=020h-07Fh,0A0h-0EFh,0120h-016Fh,01A0h-01EFh,0220h-026Fh,02A0h-02EFh,0320h-032Fh \
  -ASFR0=00h-01Fh -ASFR1=080h-09Fh -ASFR2=0100h-011Fh -ASFR3=0180h-019Fh \
  -ASFR4=0200h-021Fh -ASFR5=0280h-029Fh -ASFR6=0300h-031Fh \
  -ASFR7=0380h-03EFh -ASFR8=0400h-046Fh -ASFR9=0480h-04EFh \
  -ASFR10=0500h-056Fh -ASFR11=0580h-05EFh -ASFR12=0600h-066Fh \
  -ASFR13=0680h-06EFh -ASFR14=0700h-076Fh -ASFR15=0780h-07EFh \
  -ASFR16=0800h-086Fh -ASFR17=0880h-08EFh -ASFR18=0900h-096Fh \
  -ASFR19=0980h-09EFh -ASFR20=0A00h-0A6Fh -ASFR21=0A80h-0AEFh \
  -ASFR22=0B00h-0B6Fh -ASFR23=0B80h-0BEFh -ASFR24=0C00h-0C6Fh \
  -ASFR25=0C80h-0CEFh -ASFR26=0D00h-0D6Fh -ASFR27=0D80h-0DEFh \
  -ASFR28=0E00h-0E6Fh -ASFR29=0E80h-0EEFh -ASFR30=0F00h-0F6Fh \
  -ASFR31=0F80h-0FEFh -preset_vec=00h,intentry,init,end_init -ppowerup=CODE \
  -pcinit=CODE -pfunctab=ENTRY -ACONFIG=08007h-0800Ah -pconfig=CONFIG \
  -DCONFIG=2 -AIDLOC=08000h-08003h -pidloc=IDLOC -DIDLOC=2 \
  -AEEDATA=00h-0FFh/0F000h -peeprom_data=EEDATA -DEEDATA=2 -DCODE=2 \
  -DSTRCODE=2 -DSTRING=2 -DCONST=2 -DENTRY=2 -k \
  C:\Users\sleep\AppData\Local\Temp\sf94.o \
  dist/default/production\Firmware.production.o 

Object code version is 3.11

Machine type is 16F18324



                Name                               Link     Load   Length Selector   Space Scale
C:\Users\sleep\AppData\Local\Temp\sf94.o
                end_init                              2        2        2        0       0
                reset_vec                             0        0        2        0       0
                config                             8007     8007        4    1000E       0
dist/default/production\Firmware.production.o
                cinit                               7DD      7DD       23      FBA       0
                text16                              1E2      1E2       61      3C4       0
                text15                              5B2      5B2      103      B64       0
                text14                              243      243       69      486       0
                text13                              3B1      3B1       93      762       0
                text12                              444      444       99      888       0
                text11                              32D      32D       84      65A       0
                text10                               AA       AA       1D      154       0
                text9                                8B       8B        1      116       0
                text8                               145      145       44      28A       0
                text7                                F0       F0       2A      1E0       0
                text6                                C7       C7       29      18E       0
                text5                               189      189       59      312       0
                text4                               6B5      6B5      128      D6A       0
                text3                               4DD      4DD       D5      9BA       0
                text2                               11A      11A       2B      234       0
                text1                                92       92       18      124       0
                maintext                            2AC      2AC       81      558       0
                cstackBANK0                          20       20       40       20       1
                cstackCOMMON                         70       70        E       70       1
                cstackBANK1                          A0       A0       2F       A0       1
                cstackBANK2                         120      120       2F      120       1
                clrtext                              8C       8C        6      118       0
                bssBANK4                            220      220       2F      220       1
                bssBANK3                            1A0      1A0       2F      1A0       1
                bssBANK1                             CF       CF       20       A0       1
                bssBANK0                             60       60        8       20       1
                stringtext3                         842      842        B     1000       0
                stringtext2                         82A      82A       18     1000       0
                stringtext1                         800      800       2A     1000       0

TOTAL           Name                               Link     Load   Length     Space
        CLASS   STACK          

        CLASS   CODE           
                end_init                              2        2        2         0
                cinit                               7DD      7DD       23         0
                reset_vec                             0        0        2         0
                text16                              1E2      1E2       61         0
                text15                              5B2      5B2      103         0
                text14                              243      243       69         0
                text13                              3B1      3B1       93         0
                text12                              444      444       99         0
                text11                              32D      32D       84         0
                text10                               AA       AA       1D         0
                text9                                8B       8B        1         0
                text8                               145      145       44         0
                text7                                F0       F0       2A         0
                text6                                C7       C7       29         0
                text5                               189      189       59         0
                text4                               6B5      6B5      128         0
                text3                               4DD      4DD       D5         0
                text2                               11A      11A       2B         0
                text1                                92       92       18         0
                maintext                            2AC      2AC       81         0
                clrtext                              8C       8C        6         0

        CLASS   STRCODE        
                stringtext3                         842      842        B         0
                stringtext2                         82A      82A       18         0
                stringtext1                         800      800       2A         0

        CLASS   STRING         

        CLASS   CONST          

        CLASS   ENTRY          

        CLASS   COMMON         
                cstackCOMMON                         70       70        E         1

        CLASS   BANK0          
                cstackBANK0                          20       20       40         1
                bssBANK0                             60       60        8         1

        CLASS   BANK1          
                cstackBANK1                          A0       A0       2F         1
                bssBANK1                             CF       CF       20         1

        CLASS   BANK2          
                cstackBANK2                         120      120       2F         1

        CLASS   BANK3          
                bssBANK3                            1A0      1A0       2F         1

        CLASS   BANK4          
                bssBANK4                            220      220       2F         1

        CLASS   BANK5          

        CLASS   BANK6          

        CLASS   BIGRAM         

        CLASS   RAM            

        CLASS   ABS1           
                abs_s1                               7E       7E        2         1

        CLASS   SFR0           

        CLASS   SFR1           

        CLASS   SFR2           

        CLASS   SFR3           

        CLASS   SFR4           

        CLASS   SFR5           

        CLASS   SFR6           

        CLASS   SFR7           

        CLASS   SFR8           

        CLASS   SFR9           

        CLASS   SFR10          

        CLASS   SFR11          

        CLASS   SFR12          

        CLASS   SFR13          

        CLASS   SFR14          

        CLASS   SFR15          

        CLASS   SFR16          

        CLASS   SFR17          

        CLASS   SFR18          

        CLASS   SFR19          

        CLASS   SFR20          

        CLASS   SFR21          

        CLASS   SFR22          

        CLASS   SFR23          

        CLASS   SFR24          

        CLASS   SFR25          

        CLASS   SFR26          

        CLASS   SFR27          

        CLASS   SFR28          

        CLASS   SFR29          

        CLASS   SFR30          

        CLASS   SFR31          

        CLASS   CONFIG         
                config                             8007     8007        4         0

        CLASS   IDLOC          

        CLASS   EEDATA         

        CLASS   BANK31         

        CLASS   BANK30         

        CLASS   BANK29         

        CLASS   BANK28         

        CLASS   BANK27         

        CLASS   BANK26         

        CLASS   BANK25         

        CLASS   BANK24         

        CLASS   BANK23         

        CLASS   BANK22         

        CLASS   BANK21         

        CLASS   BANK20         

        CLASS   BANK19         

        CLASS   BANK18         

        CLASS   BANK17         

        CLASS   BANK16         

        CLASS   BANK15         

        CLASS   BANK14         

        CLASS   BANK13         

        CLASS   BANK12         

        CLASS   BANK11         

        CLASS   BANK10         

        CLASS   BANK9          

        CLASS   BANK8          

        CLASS   BANK7          



SEGMENTS        Name                           Load    Length   Top    Selector   Space  Class     Delta

                reset_vec                      000000  000004  000004         0       0  CODE        2
                cstackBANK0                    000020  000048  000068        20       1  BANK0       1
                cstackCOMMON                   000070  00000E  00007E        70       1  COMMON      1
                cstackBANK1                    0000A0  00004F  0000EF        A0       1  BANK1       1
                text9                          00008B  000001  00008C       116       0  CODE        2
                clrtext                        00008C  000006  000092       118       0  CODE        2
                cstackBANK2                    000120  00002F  00014F       120       1  BANK2       1
                text1                          000092  000018  0000AA       124       0  CODE        2
                text10                         0000AA  00001D  0000C7       154       0  CODE        2
                text6                          0000C7  000029  0000F0       18E       0  CODE        2
                bssBANK3                       0001A0  00002F  0001CF       1A0       1  BANK3       1
                text7                          0000F0  00002A  00011A       1E0       0  CODE        2
                bssBANK4                       000220  00002F  00024F       220       1  BANK4       1
                text2                          00011A  00002B  000145       234       0  CODE        2
                text8                          000145  000044  000189       28A       0  CODE        2
                text5                          000189  000059  0001E2       312       0  CODE        2
                text16                         0001E2  000061  000243       3C4       0  CODE        2
                text14                         000243  000069  0002AC       486       0  CODE        2
                maintext                       0002AC  000081  00032D       558       0  CODE        2
                text11                         00032D  000084  0003B1       65A       0  CODE        2
                text13                         0003B1  000093  000444       762       0  CODE        2
                text12                         000444  000099  0004DD       888       0  CODE        2
                text3                          0004DD  0000D5  0005B2       9BA       0  CODE        2
                text15                         0005B2  000103  0006B5       B64       0  CODE        2
                text4                          0006B5  000128  0007DD       D6A       0  CODE        2
                cinit                          0007DD  000023  000800       FBA       0  CODE        2
                stringtext1                    000800  00004D  00084D      1000       0  STRCODE     2
                config                         008007  000004  00800B     1000E       0  CONFIG      2


UNUSED ADDRESS RANGES

        Name                Unused          Largest block    Delta
        BANK0            00068-0006F               8           1
        BANK1            000EF-000EF               1           1
        BANK2            0014F-0016F              21           1
        BANK3            001CF-001EF              21           1
        BANK4            0024F-0026F              21           1
        BANK5            002A0-002EF              50           1
        BANK6            00320-0032F              10           1
        BIGRAM           02000-021EF             1F0           1
        CODE             00004-0008A              87           2
                         0084D-00FFF             7B3
        CONST            00004-0008A              87           2
                         0084D-00FFF             100
        EEDATA           0F000-0F0FF             100           2
        ENTRY            00004-0008A              87           2
                         0084D-00FFF             100
        IDLOC            08000-08003               4           2
        RAM              00068-0006F               8           1
                         000EF-000EF               1
                         0014F-0016F              21
                         001CF-001EF              21
                         0024F-0026F              21
                         002A0-002EF              50
                         00320-0032F              10
        SFR0             00000-0001F              20           1
        SFR1             00080-0009F              20           1
        SFR10            00500-0056F              70           1
        SFR11            00580-005EF              70           1
        SFR12            00600-0066F              70           1
        SFR13            00680-006EF              70           1
        SFR14            00700-0076F              70           1
        SFR15            00780-007EF              70           1
        SFR16            00800-0086F              70           1
        SFR17            00880-008EF              70           1
        SFR18            00900-0096F              70           1
        SFR19            00980-009EF              70           1
        SFR2             00100-0011F              20           1
        SFR20            00A00-00A6F              70           1
        SFR21            00A80-00AEF              70           1
        SFR22            00B00-00B6F              70           1
        SFR23            00B80-00BEF              70           1
        SFR24            00C00-00C6F              70           1
        SFR25            00C80-00CEF              70           1
        SFR26            00D00-00D6F              70           1
        SFR27            00D80-00DEF              70           1
        SFR28            00E00-00E6F              70           1
        SFR29            00E80-00EEF              70           1
        SFR3             00180-0019F              20           1
        SFR30            00F00-00F6F              70           1
        SFR31            00F80-00FEF              70           1
        SFR4             00200-0021F              20           1
        SFR5             00280-0029F              20           1
        SFR6             00300-0031F              20           1
        SFR7             00380-003EF              70           1
        SFR8             00400-0046F              70           1
        SFR9             00480-004EF              70           1
        STACK            0216F-021EF              81           1
        STRCODE          00004-0008A              87           2
                         0084D-00FFF             7B3
        STRING           00004-0008A              87           2
                         0084D-00FFF             100

                                  Symbol Table

?___aldiv                               cstackCOMMON 00070
?___almod                               cstackCOMMON 00070
?___awdiv                               cstackCOMMON 00070
?___lldiv                               cstackCOMMON 00070
?_abs                                   cstackCOMMON 0007B
?_dtoa                                  cstackBANK0  0002C
?_pad                                   cstackBANK0  00024
?_printf                                cstackBANK0  00055
?_strlen                                cstackCOMMON 00070
?_vfpfcnvrt                             cstackBANK0  00041
?_vfprintf                              cstackBANK0  0004D
_RA4                                    (abs)        00064
_RA5                                    (abs)        00065
_RC1                                    (abs)        00071
_RC2                                    (abs)        00072
_T0CON0                                 (abs)        00017
_T0CON1                                 (abs)        00018
_T0EN                                   (abs)        000BF
_TMR0H                                  (abs)        00016
_TMR0L                                  (abs)        00015
_TRISA                                  (abs)        0008C
_TRISC                                  (abs)        0008E
__CFG_BOREN$ON                          (abs)        00000
__CFG_BORV$HIGH                         (abs)        00000
__CFG_CP$ON                             (abs)        00000
__CFG_CPD$ON                            (abs)        00000
__CFG_CSWEN$OFF                         (abs)        00000
__CFG_DEBUG$OFF                         (abs)        00000
__CFG_FCMEN$OFF                         (abs)        00000
__CFG_FEXTOSC$HS                        (abs)        00000
__CFG_LPBOREN$OFF                       (abs)        00000
__CFG_LVP$ON                            (abs)        00000
__CFG_MCLRE$ON                          (abs)        00000
__CFG_PPS1WAY$ON                        (abs)        00000
__CFG_PWRTE$ON                          (abs)        00000
__CFG_RSTOSC$HFINT32                    (abs)        00000
__CFG_STVREN$ON                         (abs)        00000
__CFG_WDTE$OFF                          (abs)        00000
__CFG_WRT$ALL                           (abs)        00000
__Habs1                                 abs1         00000
__Hbank0                                bank0        00000
__Hbank1                                bank1        00000
__Hbank10                               bank10       00000
__Hbank11                               bank11       00000
__Hbank12                               bank12       00000
__Hbank13                               bank13       00000
__Hbank14                               bank14       00000
__Hbank15                               bank15       00000
__Hbank16                               bank16       00000
__Hbank17                               bank17       00000
__Hbank18                               bank18       00000
__Hbank19                               bank19       00000
__Hbank2                                bank2        00000
__Hbank20                               bank20       00000
__Hbank21                               bank21       00000
__Hbank22                               bank22       00000
__Hbank23                               bank23       00000
__Hbank24                               bank24       00000
__Hbank25                               bank25       00000
__Hbank26                               bank26       00000
__Hbank27                               bank27       00000
__Hbank28                               bank28       00000
__Hbank29                               bank29       00000
__Hbank3                                bank3        00000
__Hbank30                               bank30       00000
__Hbank31                               bank31       00000
__Hbank4                                bank4        00000
__Hbank5                                bank5        00000
__Hbank6                                bank6        00000
__Hbank7                                bank7        00000
__Hbank8                                bank8        00000
__Hbank9                                bank9        00000
__Hbigram                               bigram       00000
__HbssBANK0                             bssBANK0     00000
__HbssBANK1                             bssBANK1     00000
__HbssBANK3                             bssBANK3     00000
__HbssBANK4                             bssBANK4     00000
__Hcinit                                cinit        00800
__Hclrtext                              clrtext      00000
__Hcode                                 code         00000
__Hcommon                               common       00000
__Hconfig                               config       0800B
__HcstackBANK0                          cstackBANK0  00000
__HcstackBANK1                          cstackBANK1  00000
__HcstackBANK2                          cstackBANK2  00000
__HcstackCOMMON                         cstackCOMMON 00000
__Heeprom_data                          eeprom_data  00000
__Hend_init                             end_init     00004
__Hfunctab                              functab      00000
__Hidloc                                idloc        00000
__Hinit                                 init         00002
__Hintentry                             intentry     00002
__Hmaintext                             maintext     00000
__Hpowerup                              powerup      00000
__Hram                                  ram          00000
__Hreset_vec                            reset_vec    00002
__Hsfr0                                 sfr0         00000
__Hsfr1                                 sfr1         00000
__Hsfr10                                sfr10        00000
__Hsfr11                                sfr11        00000
__Hsfr12                                sfr12        00000
__Hsfr13                                sfr13        00000
__Hsfr14                                sfr14        00000
__Hsfr15                                sfr15        00000
__Hsfr16                                sfr16        00000
__Hsfr17                                sfr17        00000
__Hsfr18                                sfr18        00000
__Hsfr19                                sfr19        00000
__Hsfr2                                 sfr2         00000
__Hsfr20                                sfr20        00000
__Hsfr21                                sfr21        00000
__Hsfr22                                sfr22        00000
__Hsfr23                                sfr23        00000
__Hsfr24                                sfr24        00000
__Hsfr25                                sfr25        00000
__Hsfr26                                sfr26        00000
__Hsfr27                                sfr27        00000
__Hsfr28                                sfr28        00000
__Hsfr29                                sfr29        00000
__Hsfr3                                 sfr3         00000
__Hsfr30                                sfr30        00000
__Hsfr31                                sfr31        00000
__Hsfr4                                 sfr4         00000
__Hsfr5                                 sfr5         00000
__Hsfr6                                 sfr6         00000
__Hsfr7                                 sfr7         00000
__Hsfr8                                 sfr8         00000
__Hsfr9                                 sfr9         00000
__Hspace_0                              (abs)        0800B
__Hspace_1                              (abs)        0024F
__Hspace_2                              (abs)        00000
__Hspace_3                              (abs)        00000
__Hstack                                stack        00000
__Hstrings                              strings      00000
__Hstringtext1                          stringtext1  00000
__Hstringtext2                          stringtext2  00000
__Hstringtext3                          stringtext3  00000
__Hstringtext4                          stringtext4  00000
__Htext                                 text         00000
__Labs1                                 abs1         00000
__Lbank0                                bank0        00000
__Lbank1                                bank1        00000
__Lbank10                               bank10       00000
__Lbank11                               bank11       00000
__Lbank12                               bank12       00000
__Lbank13                               bank13       00000
__Lbank14                               bank14       00000
__Lbank15                               bank15       00000
__Lbank16                               bank16       00000
__Lbank17                               bank17       00000
__Lbank18                               bank18       00000
__Lbank19                               bank19       00000
__Lbank2                                bank2        00000
__Lbank20                               bank20       00000
__Lbank21                               bank21       00000
__Lbank22                               bank22       00000
__Lbank23                               bank23       00000
__Lbank24                               bank24       00000
__Lbank25                               bank25       00000
__Lbank26                               bank26       00000
__Lbank27                               bank27       00000
__Lbank28                               bank28       00000
__Lbank29                               bank29       00000
__Lbank3                                bank3        00000
__Lbank30                               bank30       00000
__Lbank31                               bank31       00000
__Lbank4                                bank4        00000
__Lbank5                                bank5        00000
__Lbank6                                bank6        00000
__Lbank7                                bank7        00000
__Lbank8                                bank8        00000
__Lbank9                                bank9        00000
__Lbigram                               bigram       00000
__LbssBANK0                             bssBANK0     00000
__LbssBANK1                             bssBANK1     00000
__LbssBANK3                             bssBANK3     00000
__LbssBANK4                             bssBANK4     00000
__Lcinit                                cinit        007DD
__Lclrtext                              clrtext      00000
__Lcode                                 code         00000
__Lcommon                               common       00000
__Lconfig                               config       08007
__LcstackBANK0                          cstackBANK0  00000
__LcstackBANK1                          cstackBANK1  00000
__LcstackBANK2                          cstackBANK2  00000
__LcstackCOMMON                         cstackCOMMON 00000
__Leeprom_data                          eeprom_data  00000
__Lend_init                             end_init     00002
__Lfunctab                              functab      00000
__Lidloc                                idloc        00000
__Linit                                 init         00002
__Lintentry                             intentry     00002
__Lmaintext                             maintext     00000
__Lpowerup                              powerup      00000
__Lram                                  ram          00000
__Lreset_vec                            reset_vec    00000
__Lsfr0                                 sfr0         00000
__Lsfr1                                 sfr1         00000
__Lsfr10                                sfr10        00000
__Lsfr11                                sfr11        00000
__Lsfr12                                sfr12        00000
__Lsfr13                                sfr13        00000
__Lsfr14                                sfr14        00000
__Lsfr15                                sfr15        00000
__Lsfr16                                sfr16        00000
__Lsfr17                                sfr17        00000
__Lsfr18                                sfr18        00000
__Lsfr19                                sfr19        00000
__Lsfr2                                 sfr2         00000
__Lsfr20                                sfr20        00000
__Lsfr21                                sfr21        00000
__Lsfr22                                sfr22        00000
__Lsfr23                                sfr23        00000
__Lsfr24                                sfr24        00000
__Lsfr25                                sfr25        00000
__Lsfr26                                sfr26        00000
__Lsfr27                                sfr27        00000
__Lsfr28                                sfr28        00000
__Lsfr29                                sfr29        00000
__Lsfr3                                 sfr3         00000
__Lsfr30                                sfr30        00000
__Lsfr31                                sfr31        00000
__Lsfr4                                 sfr4         00000
__Lsfr5                                 sfr5         00000
__Lsfr6                                 sfr6         00000
__Lsfr7                                 sfr7         00000
__Lsfr8                                 sfr8         00000
__Lsfr9                                 sfr9         00000
__Lspace_0                              (abs)        00000
__Lspace_1                              (abs)        00000
__Lspace_2                              (abs)        00000
__Lspace_3                              (abs)        00000
__Lstack                                stack        00000
__Lstrings                              strings      00000
__Lstringtext1                          stringtext1  00000
__Lstringtext2                          stringtext2  00000
__Lstringtext3                          stringtext3  00000
__Lstringtext4                          stringtext4  00000
__Ltext                                 text         00000
__S0                                    (abs)        0800B
__S1                                    (abs)        0024F
__S2                                    (abs)        00000
__S3                                    (abs)        00000
___aldiv                                text12       00444
___aldiv@counter                        cstackBANK0  00020
___aldiv@dividend                       cstackCOMMON 00074
___aldiv@divisor                        cstackCOMMON 00070
___aldiv@quotient                       cstackBANK0  00022
___aldiv@sign                           cstackBANK0  00021
___almod                                text11       0032D
___almod@counter                        cstackCOMMON 00079
___almod@dividend                       cstackCOMMON 00074
___almod@divisor                        cstackCOMMON 00070
___almod@sign                           cstackCOMMON 0007A
___awdiv                                text14       00243
___awdiv@counter                        cstackCOMMON 00075
___awdiv@dividend                       cstackCOMMON 00072
___awdiv@divisor                        cstackCOMMON 00070
___awdiv@quotient                       cstackCOMMON 00077
___awdiv@sign                           cstackCOMMON 00076
___int_sp                               stack        00000
___latbits                              (abs)        00001
___lldiv                                text16       001E2
___lldiv@counter                        cstackCOMMON 0007D
___lldiv@dividend                       cstackCOMMON 00074
___lldiv@divisor                        cstackCOMMON 00070
___lldiv@quotient                       cstackCOMMON 00079
___sp                                   stack        00000
__end_of___aldiv                        text12       004DD
__end_of___almod                        text11       003B1
__end_of___awdiv                        text14       002AC
__end_of___lldiv                        text16       00243
__end_of__initialization                cinit        007FD
__end_of_abs                            text10       000C7
__end_of_calculatePartialPeriods        text15       006B5
__end_of_dtoa                           text4        007DD
__end_of_fputc                          text8        00189
__end_of_fputs                          text7        0011A
__end_of_main                           maintext     0032D
__end_of_measurePhotogateTimes          text13       00444
__end_of_pad                            text5        001E2
__end_of_printf                         text1        000AA
__end_of_putch                          text9        0008C
__end_of_strlen                         text6        000F0
__end_of_vfpfcnvrt                      text3        005B2
__end_of_vfprintf                       text2        00145
__initialization                        cinit        007DD
__pbssBANK0                             bssBANK0     00060
__pbssBANK1                             bssBANK1     000CF
__pbssBANK3                             bssBANK3     001A0
__pbssBANK4                             bssBANK4     00220
__pcstackBANK0                          cstackBANK0  00020
__pcstackBANK1                          cstackBANK1  000A0
__pcstackBANK2                          cstackBANK2  00120
__pcstackCOMMON                         cstackCOMMON 00070
__pmaintext                             maintext     002AC
__pstringtext1                          stringtext1  00800
__pstringtext2                          stringtext2  0082A
__pstringtext3                          stringtext3  00842
__pstringtext4                          stringtext4  00000
__ptext1                                text1        00092
__ptext10                               text10       000AA
__ptext11                               text11       0032D
__ptext12                               text12       00444
__ptext13                               text13       003B1
__ptext14                               text14       00243
__ptext15                               text15       005B2
__ptext16                               text16       001E2
__ptext2                                text2        0011A
__ptext3                                text3        004DD
__ptext4                                text4        006B5
__ptext5                                text5        00189
__ptext6                                text6        000C7
__ptext7                                text7        000F0
__ptext8                                text8        00145
__ptext9                                text9        0008B
__size_of___aldiv                       (abs)        00000
__size_of___almod                       (abs)        00000
__size_of___awdiv                       (abs)        00000
__size_of___lldiv                       (abs)        00000
__size_of_abs                           (abs)        00000
__size_of_calculatePartialPeriods       (abs)        00000
__size_of_dtoa                          (abs)        00000
__size_of_fputc                         (abs)        00000
__size_of_fputs                         (abs)        00000
__size_of_main                          (abs)        00000
__size_of_measurePhotogateTimes         (abs)        00000
__size_of_pad                           (abs)        00000
__size_of_printf                        (abs)        00000
__size_of_putch                         (abs)        00000
__size_of_strlen                        (abs)        00000
__size_of_vfpfcnvrt                     (abs)        00000
__size_of_vfprintf                      (abs)        00000
_abs                                    text10       000AA
_calculatePartialPeriods                text15       005B2
_calculatePartialPeriods$117            cstackBANK0  00036
_calculatePartialPeriods$118            cstackBANK0  00038
_dbuf                                   bssBANK1     000CF
_dtoa                                   text4        006B5
_dtoa$302                               cstackBANK0  00032
_flags                                  bssBANK0     00066
_fputc                                  text8        00145
_fputs                                  text7        000F0
_main                                   maintext     002AC
_measurePhotogateTimes                  text13       003B1
_nout                                   bssBANK0     00060
_pad                                    text5        00189
_prec                                   bssBANK0     00064
_printf                                 text1        00092
_putch                                  text9        0008B
_strlen                                 text6        000C7
_vfpfcnvrt                              text3        004DD
_vfprintf                               text2        0011A
_width                                  bssBANK0     00062
abs@a                                   cstackCOMMON 0007B
btemp                                   (abs)        0007E
calculatePartialPeriods@avg1            cstackBANK0  0003A
calculatePartialPeriods@avg2            cstackBANK0  0003C
calculatePartialPeriods@i               cstackBANK0  0003E
calculatePartialPeriods@pendulum        cstackBANK0  00020
calculatePartialPeriods@total1          cstackBANK0  0002E
calculatePartialPeriods@total2          cstackBANK0  00032
clear_ram0                              clrtext      0008C
dtoa@d                                  cstackBANK0  0002C
dtoa@fp                                 cstackBANK0  00036
dtoa@i                                  cstackBANK0  0003F
dtoa@n                                  cstackBANK0  0003B
dtoa@p                                  cstackBANK0  00034
dtoa@s                                  cstackBANK0  00039
dtoa@w                                  cstackBANK0  00037
end_of_initialization                   cinit        007FD
fputc@c                                 cstackCOMMON 00070
fputc@fp                                cstackCOMMON 00072
fputs@c                                 cstackBANK0  00020
fputs@fp                                cstackCOMMON 00078
fputs@i                                 cstackBANK0  00021
fputs@s                                 cstackBANK0  00023
intlevel0                               functab      00000
intlevel1                               functab      00000
intlevel2                               functab      00000
intlevel3                               functab      00000
intlevel4                               functab      00000
intlevel5                               functab      00000
main@F6447                              bssBANK3     001A0
main@F6449                              bssBANK4     00220
main@dampeningPendulum                  cstackBANK1  000A0
main@drivingPendulum                    cstackBANK2  00120
measurePhotogateTimes@dampeningPendulum cstackCOMMON 0007D
measurePhotogateTimes@drivingPendulum   cstackCOMMON 00079
pad@buf                                 cstackBANK0  00024
pad@fp                                  cstackBANK0  0002B
pad@i                                   cstackBANK0  00027
pad@p                                   cstackBANK0  00025
pad@w                                   cstackBANK0  00029
printf@ap                               cstackBANK0  0005D
printf@fmt                              cstackBANK0  00055
printf@ret                              cstackBANK0  0005B
reset_vec                               reset_vec    00000
stackhi                                 (abs)        021EF
stacklo                                 (abs)        0216F
start                                   init         00002
start_initialization                    cinit        007DD
strlen@a                                cstackCOMMON 00076
strlen@s                                cstackCOMMON 00077
vfpfcnvrt@ap                            cstackBANK0  00042
vfpfcnvrt@fmt                           cstackBANK0  00041
vfpfcnvrt@fp                            cstackBANK0  0004C
vfpfcnvrt@ll                            cstackBANK0  00048
vfprintf@ap                             cstackBANK0  0004F
vfprintf@cfmt                           cstackBANK0  00053
vfprintf@fmt                            cstackBANK0  0004D
vfprintf@fp                             cstackBANK0  00052
wtemp0                                  (abs)        0007E


FUNCTION INFORMATION:

 *************** function _main *****************
 Defined at:
		line 20 in file "PTSymmetryController.c"
 Parameters:    Size  Location     Type
		None
 Auto vars:     Size  Location     Type
  dampeningPen   47    0[BANK1 ] struct Pendulum
  drivingPendu   47    0[BANK2 ] struct Pendulum
 Return value:  Size  Location     Type
                  1    wreg      void 
 Registers used:
		wreg, fsr0l, fsr0h, fsr1l, fsr1h, status,2, status,0, pclath, cstack
 Tracked objects:
		On entry : 
		On exit  : 
		Unchanged: 
 Data sizes:     COMMON   BANK0   BANK1   BANK2   BANK3   BANK4   BANK5   BANK6
      Params:         0       0       0       0       0       0       0       0
      Locals:         0       0      47      47       0       0       0       0
      Temps:          0       2       0       0       0       0       0       0
      Totals:         0       2      47      47       0       0       0       0
Total ram usage:       96 bytes
 Hardware stack levels required when called:    8
 This function calls:
		_calculatePartialPeriods
		_measurePhotogateTimes
		_printf
 This function is called by:
		Startup code after reset
 This function uses a non-reentrant model


 *************** function _printf *****************
 Defined at:
		line 5 in file "C:\Program Files (x86)\Microchip\xc8\v2.00\pic\sources\c99\common\printf.c"
 Parameters:    Size  Location     Type
  fmt             2   53[BANK0 ] PTR const unsigned char 
		 -> STR_3(11), STR_2(42), STR_1(24), 
 Auto vars:     Size  Location     Type
  ret             2   59[BANK0 ] int 
  ap              1   61[BANK0 ] PTR void [1]
		 -> ?_printf(2), 
 Return value:  Size  Location     Type
                  2   53[BANK0 ] int 
 Registers used:
		wreg, fsr0l, fsr0h, fsr1l, fsr1h, status,2, status,0, pclath, cstack
 Tracked objects:
		On entry : 
		On exit  : 
		Unchanged: 
 Data sizes:     COMMON   BANK0   BANK1   BANK2   BANK3   BANK4   BANK5   BANK6
      Params:         0       6       0       0       0       0       0       0
      Locals:         0       3       0       0       0       0       0       0
      Temps:          1       0       0       0       0       0       0       0
      Totals:         1       9       0       0       0       0       0       0
Total ram usage:       10 bytes
 Hardware stack levels used:    1
 Hardware stack levels required when called:    7
 This function calls:
		_vfprintf
 This function is called by:
		_main
 This function uses a non-reentrant model


 *************** function _vfprintf *****************
 Defined at:
		line 1368 in file "C:\Program Files (x86)\Microchip\xc8\v2.00\pic\sources\c99\common\doprnt.c"
 Parameters:    Size  Location     Type
  fp              1    wreg     PTR struct _IO_FILE
		 -> NULL(0), 
  fmt             2   45[BANK0 ] PTR const unsigned char 
		 -> STR_3(11), STR_2(42), STR_1(24), 
  ap              1   47[BANK0 ] PTR PTR void 
		 -> printf@ap(1), 
 Auto vars:     Size  Location     Type
  fp              1   50[BANK0 ] PTR struct _IO_FILE
		 -> NULL(0), 
  cfmt            2   51[BANK0 ] PTR unsigned char 
		 -> STR_3(11), STR_2(42), STR_1(24), 
 Return value:  Size  Location     Type
                  2   45[BANK0 ] int 
 Registers used:
		wreg, fsr0l, fsr0h, fsr1l, fsr1h, status,2, status,0, pclath, cstack
 Tracked objects:
		On entry : 
		On exit  : 
		Unchanged: 
 Data sizes:     COMMON   BANK0   BANK1   BANK2   BANK3   BANK4   BANK5   BANK6
      Params:         0       3       0       0       0       0       0       0
      Locals:         0       3       0       0       0       0       0       0
      Temps:          0       2       0       0       0       0       0       0
      Totals:         0       8       0       0       0       0       0       0
Total ram usage:        8 bytes
 Hardware stack levels used:    1
 Hardware stack levels required when called:    6
 This function calls:
		_vfpfcnvrt
 This function is called by:
		_printf
 This function uses a non-reentrant model


 *************** function _vfpfcnvrt *****************
 Defined at:
		line 670 in file "C:\Program Files (x86)\Microchip\xc8\v2.00\pic\sources\c99\common\doprnt.c"
 Parameters:    Size  Location     Type
  fp              1    wreg     PTR struct _IO_FILE
		 -> NULL(0), 
  fmt             1   33[BANK0 ] PTR PTR unsigned char 
		 -> vfprintf@cfmt(2), 
  ap              1   34[BANK0 ] PTR PTR void 
		 -> printf@ap(1), 
 Auto vars:     Size  Location     Type
  fp              1   44[BANK0 ] PTR struct _IO_FILE
		 -> NULL(0), 
  ll              4   40[BANK0 ] long 
  f               4    0        long 
  llu             4    0        unsigned long 
  ct              3    0        unsigned char [3]
  vp              2    0        PTR void 
  i               2    0        int 
  done            2    0        int 
  cp              2    0        PTR unsigned char 
  c               1    0        unsigned char 
 Return value:  Size  Location     Type
                  2   33[BANK0 ] int 
 Registers used:
		wreg, fsr0l, fsr0h, fsr1l, fsr1h, status,2, status,0, pclath, cstack
 Tracked objects:
		On entry : 
		On exit  : 
		Unchanged: 
 Data sizes:     COMMON   BANK0   BANK1   BANK2   BANK3   BANK4   BANK5   BANK6
      Params:         0       2       0       0       0       0       0       0
      Locals:         0       5       0       0       0       0       0       0
      Temps:          0       5       0       0       0       0       0       0
      Totals:         0      12       0       0       0       0       0       0
Total ram usage:       12 bytes
 Hardware stack levels used:    1
 Hardware stack levels required when called:    5
 This function calls:
		_dtoa
		_fputc
 This function is called by:
		_vfprintf
 This function uses a non-reentrant model


 *************** function _dtoa *****************
 Defined at:
		line 274 in file "C:\Program Files (x86)\Microchip\xc8\v2.00\pic\sources\c99\common\doprnt.c"
 Parameters:    Size  Location     Type
  fp              1    wreg     PTR struct _IO_FILE
		 -> NULL(0), 
  d               4   12[BANK0 ] long 
 Auto vars:     Size  Location     Type
  fp              1   22[BANK0 ] PTR struct _IO_FILE
		 -> NULL(0), 
  n               4   27[BANK0 ] long 
  i               2   31[BANK0 ] int 
  s               2   25[BANK0 ] int 
  w               2   23[BANK0 ] int 
  p               2   20[BANK0 ] int 
 Return value:  Size  Location     Type
                  2   12[BANK0 ] int 
 Registers used:
		wreg, fsr1l, fsr1h, status,2, status,0, pclath, cstack
 Tracked objects:
		On entry : 
		On exit  : 
		Unchanged: 
 Data sizes:     COMMON   BANK0   BANK1   BANK2   BANK3   BANK4   BANK5   BANK6
      Params:         0       4       0       0       0       0       0       0
      Locals:         0      15       0       0       0       0       0       0
      Temps:          0       2       0       0       0       0       0       0
      Totals:         0      21       0       0       0       0       0       0
Total ram usage:       21 bytes
 Hardware stack levels used:    1
 Hardware stack levels required when called:    4
 This function calls:
		___aldiv
		___almod
		_abs
		_pad
 This function is called by:
		_vfpfcnvrt
 This function uses a non-reentrant model


 *************** function _pad *****************
 Defined at:
		line 72 in file "C:\Program Files (x86)\Microchip\xc8\v2.00\pic\sources\c99\common\doprnt.c"
 Parameters:    Size  Location     Type
  fp              1    wreg     PTR struct _IO_FILE
		 -> NULL(0), 
  buf             1    4[BANK0 ] PTR unsigned char 
		 -> dbuf(32), 
  p               2    5[BANK0 ] int 
 Auto vars:     Size  Location     Type
  fp              1   11[BANK0 ] PTR struct _IO_FILE
		 -> NULL(0), 
  w               2    9[BANK0 ] int 
  i               2    7[BANK0 ] int 
 Return value:  Size  Location     Type
                  2    4[BANK0 ] int 
 Registers used:
		wreg, fsr1l, fsr1h, status,2, status,0, pclath, cstack
 Tracked objects:
		On entry : 
		On exit  : 
		Unchanged: 
 Data sizes:     COMMON   BANK0   BANK1   BANK2   BANK3   BANK4   BANK5   BANK6
      Params:         0       3       0       0       0       0       0       0
      Locals:         0       5       0       0       0       0       0       0
      Temps:          1       0       0       0       0       0       0       0
      Totals:         1       8       0       0       0       0       0       0
Total ram usage:        9 bytes
 Hardware stack levels used:    1
 Hardware stack levels required when called:    3
 This function calls:
		_fputc
		_fputs
		_strlen
 This function is called by:
		_dtoa
 This function uses a non-reentrant model


 *************** function _strlen *****************
 Defined at:
		line 12 in file "C:\Program Files (x86)\Microchip\xc8\v2.00\pic\sources\c99\common\strlen.c"
 Parameters:    Size  Location     Type
  s               1    wreg     PTR const unsigned char 
		 -> dbuf(32), 
 Auto vars:     Size  Location     Type
  s               1    7[COMMON] PTR const unsigned char 
		 -> dbuf(32), 
  a               1    6[COMMON] PTR const unsigned char 
		 -> dbuf(32), 
 Return value:  Size  Location     Type
                  2    0[COMMON] unsigned int 
 Registers used:
		wreg, fsr1l, fsr1h, status,2, status,0
 Tracked objects:
		On entry : 
		On exit  : 
		Unchanged: 
 Data sizes:     COMMON   BANK0   BANK1   BANK2   BANK3   BANK4   BANK5   BANK6
      Params:         2       0       0       0       0       0       0       0
      Locals:         2       0       0       0       0       0       0       0
      Temps:          4       0       0       0       0       0       0       0
      Totals:         8       0       0       0       0       0       0       0
Total ram usage:        8 bytes
 Hardware stack levels used:    1
 This function calls:
		Nothing
 This function is called by:
		_pad
 This function uses a non-reentrant model


 *************** function _fputs *****************
 Defined at:
		line 8 in file "C:\Program Files (x86)\Microchip\xc8\v2.00\pic\sources\c99\common\nf_fputs.c"
 Parameters:    Size  Location     Type
  s               1    wreg     PTR const unsigned char 
		 -> dbuf(32), 
  fp              1    8[COMMON] PTR struct _IO_FILE
		 -> NULL(0), 
 Auto vars:     Size  Location     Type
  s               1    3[BANK0 ] PTR const unsigned char 
		 -> dbuf(32), 
  i               2    1[BANK0 ] int 
  c               1    0[BANK0 ] unsigned char 
 Return value:  Size  Location     Type
                  2    8[COMMON] int 
 Registers used:
		wreg, fsr1l, fsr1h, status,2, status,0, pclath, cstack
 Tracked objects:
		On entry : 
		On exit  : 
		Unchanged: 
 Data sizes:     COMMON   BANK0   BANK1   BANK2   BANK3   BANK4   BANK5   BANK6
      Params:         1       0       0       0       0       0       0       0
      Locals:         0       4       0       0       0       0       0       0
      Temps:          3       0       0       0       0       0       0       0
      Totals:         4       4       0       0       0       0       0       0
Total ram usage:        8 bytes
 Hardware stack levels used:    1
 Hardware stack levels required when called:    2
 This function calls:
		_fputc
 This function is called by:
		_pad
 This function uses a non-reentrant model


 *************** function _fputc *****************
 Defined at:
		line 8 in file "C:\Program Files (x86)\Microchip\xc8\v2.00\pic\sources\c99\common\nf_fputc.c"
 Parameters:    Size  Location     Type
  c               2    0[COMMON] int 
  fp              1    2[COMMON] PTR struct _IO_FILE
		 -> NULL(0), 
 Auto vars:     Size  Location     Type
		None
 Return value:  Size  Location     Type
                  2    0[COMMON] int 
 Registers used:
		wreg, fsr1l, fsr1h, status,2, status,0, pclath, cstack
 Tracked objects:
		On entry : 
		On exit  : 
		Unchanged: 
 Data sizes:     COMMON   BANK0   BANK1   BANK2   BANK3   BANK4   BANK5   BANK6
      Params:         3       0       0       0       0       0       0       0
      Locals:         0       0       0       0       0       0       0       0
      Temps:          5       0       0       0       0       0       0       0
      Totals:         8       0       0       0       0       0       0       0
Total ram usage:        8 bytes
 Hardware stack levels used:    1
 Hardware stack levels required when called:    1
 This function calls:
		_putch
 This function is called by:
		_pad
		_vfpfcnvrt
		_fputs
 This function uses a non-reentrant model


 *************** function _putch *****************
 Defined at:
		line 7 in file "C:\Program Files (x86)\Microchip\xc8\v2.00\pic\sources\c99\common\putch.c"
 Parameters:    Size  Location     Type
  c               1    wreg     unsigned char 
 Auto vars:     Size  Location     Type
  c               1    0[COMMON] unsigned char 
 Return value:  Size  Location     Type
                  1    wreg      void 
 Registers used:
		wreg
 Tracked objects:
		On entry : 
		On exit  : 
		Unchanged: 
 Data sizes:     COMMON   BANK0   BANK1   BANK2   BANK3   BANK4   BANK5   BANK6
      Params:         0       0       0       0       0       0       0       0
      Locals:         0       0       0       0       0       0       0       0
      Temps:          0       0       0       0       0       0       0       0
      Totals:         0       0       0       0       0       0       0       0
Total ram usage:        0 bytes
 Hardware stack levels used:    1
 This function calls:
		Nothing
 This function is called by:
		_fputc
 This function uses a non-reentrant model


 *************** function _abs *****************
 Defined at:
		line 1 in file "C:\Program Files (x86)\Microchip\xc8\v2.00\pic\sources\c99\common\abs.c"
 Parameters:    Size  Location     Type
  a               2   11[COMMON] int 
 Auto vars:     Size  Location     Type
		None
 Return value:  Size  Location     Type
                  2   11[COMMON] int 
 Registers used:
		wreg, status,2, status,0
 Tracked objects:
		On entry : 
		On exit  : 
		Unchanged: 
 Data sizes:     COMMON   BANK0   BANK1   BANK2   BANK3   BANK4   BANK5   BANK6
      Params:         2       0       0       0       0       0       0       0
      Locals:         0       0       0       0       0       0       0       0
      Temps:          0       2       0       0       0       0       0       0
      Totals:         2       2       0       0       0       0       0       0
Total ram usage:        4 bytes
 Hardware stack levels used:    1
 This function calls:
		Nothing
 This function is called by:
		_dtoa
 This function uses a non-reentrant model


 *************** function ___almod *****************
 Defined at:
		line 5 in file "C:\Program Files (x86)\Microchip\xc8\v2.00\pic\sources\c99\common\almod.c"
 Parameters:    Size  Location     Type
  divisor         4    0[COMMON] long 
  dividend        4    4[COMMON] long 
 Auto vars:     Size  Location     Type
  sign            1   10[COMMON] unsigned char 
  counter         1    9[COMMON] unsigned char 
 Return value:  Size  Location     Type
                  4    0[COMMON] long 
 Registers used:
		wreg, status,2, status,0
 Tracked objects:
		On entry : 
		On exit  : 
		Unchanged: 
 Data sizes:     COMMON   BANK0   BANK1   BANK2   BANK3   BANK4   BANK5   BANK6
      Params:         8       0       0       0       0       0       0       0
      Locals:         2       0       0       0       0       0       0       0
      Temps:          1       0       0       0       0       0       0       0
      Totals:        11       0       0       0       0       0       0       0
Total ram usage:       11 bytes
 Hardware stack levels used:    1
 This function calls:
		Nothing
 This function is called by:
		_dtoa
 This function uses a non-reentrant model


 *************** function ___aldiv *****************
 Defined at:
		line 5 in file "C:\Program Files (x86)\Microchip\xc8\v2.00\pic\sources\c99\common\aldiv.c"
 Parameters:    Size  Location     Type
  divisor         4    0[COMMON] long 
  dividend        4    4[COMMON] long 
 Auto vars:     Size  Location     Type
  quotient        4    2[BANK0 ] long 
  sign            1    1[BANK0 ] unsigned char 
  counter         1    0[BANK0 ] unsigned char 
 Return value:  Size  Location     Type
                  4    0[COMMON] long 
 Registers used:
		wreg, status,2, status,0
 Tracked objects:
		On entry : 
		On exit  : 
		Unchanged: 
 Data sizes:     COMMON   BANK0   BANK1   BANK2   BANK3   BANK4   BANK5   BANK6
      Params:         8       0       0       0       0       0       0       0
      Locals:         0       6       0       0       0       0       0       0
      Temps:          1       0       0       0       0       0       0       0
      Totals:         9       6       0       0       0       0       0       0
Total ram usage:       15 bytes
 Hardware stack levels used:    1
 This function calls:
		Nothing
 This function is called by:
		_dtoa
 This function uses a non-reentrant model


 *************** function _measurePhotogateTimes *****************
 Defined at:
		line 5 in file "pendulum.c"
 Parameters:    Size  Location     Type
  dampeningPen    1    wreg     PTR struct Pendulum
		 -> main@dampeningPendulum(47), 
  drivingPendu    1    9[COMMON] PTR struct Pendulum
		 -> main@drivingPendulum(47), 
 Auto vars:     Size  Location     Type
  dampeningPen    1   13[COMMON] PTR struct Pendulum
		 -> main@dampeningPendulum(47), 
 Return value:  Size  Location     Type
                  1    wreg      void 
 Registers used:
		wreg, fsr1l, fsr1h, status,2, status,0, pclath, cstack
 Tracked objects:
		On entry : 
		On exit  : 
		Unchanged: 
 Data sizes:     COMMON   BANK0   BANK1   BANK2   BANK3   BANK4   BANK5   BANK6
      Params:         1       0       0       0       0       0       0       0
      Locals:         1       0       0       0       0       0       0       0
      Temps:          3       0       0       0       0       0       0       0
      Totals:         5       0       0       0       0       0       0       0
Total ram usage:        5 bytes
 Hardware stack levels used:    1
 Hardware stack levels required when called:    1
 This function calls:
		___awdiv
 This function is called by:
		_main
 This function uses a non-reentrant model


 *************** function ___awdiv *****************
 Defined at:
		line 5 in file "C:\Program Files (x86)\Microchip\xc8\v2.00\pic\sources\c99\common\awdiv.c"
 Parameters:    Size  Location     Type
  divisor         2    0[COMMON] int 
  dividend        2    2[COMMON] int 
 Auto vars:     Size  Location     Type
  quotient        2    7[COMMON] int 
  sign            1    6[COMMON] unsigned char 
  counter         1    5[COMMON] unsigned char 
 Return value:  Size  Location     Type
                  2    0[COMMON] int 
 Registers used:
		wreg, status,2, status,0
 Tracked objects:
		On entry : 
		On exit  : 
		Unchanged: 
 Data sizes:     COMMON   BANK0   BANK1   BANK2   BANK3   BANK4   BANK5   BANK6
      Params:         4       0       0       0       0       0       0       0
      Locals:         4       0       0       0       0       0       0       0
      Temps:          1       0       0       0       0       0       0       0
      Totals:         9       0       0       0       0       0       0       0
Total ram usage:        9 bytes
 Hardware stack levels used:    1
 This function calls:
		Nothing
 This function is called by:
		_measurePhotogateTimes
 This function uses a non-reentrant model


 *************** function _calculatePartialPeriods *****************
 Defined at:
		line 20 in file "pendulum.c"
 Parameters:    Size  Location     Type
  pendulum        2    0[BANK0 ] PTR struct Pendulum
		 -> main@drivingPendulum(47), main@dampeningPendulum(47), 
 Auto vars:     Size  Location     Type
  i               1   30[BANK0 ] unsigned char 
  total2          4   18[BANK0 ] unsigned long 
  total1          4   14[BANK0 ] unsigned long 
  avg2            2   28[BANK0 ] unsigned short 
  avg1            2   26[BANK0 ] unsigned short 
 Return value:  Size  Location     Type
                  1    wreg      void 
 Registers used:
		wreg, fsr0l, fsr0h, fsr1l, fsr1h, status,2, status,0, pclath, cstack
 Tracked objects:
		On entry : 
		On exit  : 
		Unchanged: 
 Data sizes:     COMMON   BANK0   BANK1   BANK2   BANK3   BANK4   BANK5   BANK6
      Params:         0       2       0       0       0       0       0       0
      Locals:         0      17       0       0       0       0       0       0
      Temps:          0      12       0       0       0       0       0       0
      Totals:         0      31       0       0       0       0       0       0
Total ram usage:       31 bytes
 Hardware stack levels used:    1
 Hardware stack levels required when called:    1
 This function calls:
		___lldiv
 This function is called by:
		_main
 This function uses a non-reentrant model


 *************** function ___lldiv *****************
 Defined at:
		line 5 in file "C:\Program Files (x86)\Microchip\xc8\v2.00\pic\sources\c99\common\__lldiv.c"
 Parameters:    Size  Location     Type
  divisor         4    0[COMMON] unsigned long 
  dividend        4    4[COMMON] unsigned long 
 Auto vars:     Size  Location     Type
  quotient        4    9[COMMON] unsigned long 
  counter         1   13[COMMON] unsigned char 
 Return value:  Size  Location     Type
                  4    0[COMMON] unsigned long 
 Registers used:
		wreg, status,2, status,0
 Tracked objects:
		On entry : 
		On exit  : 
		Unchanged: 
 Data sizes:     COMMON   BANK0   BANK1   BANK2   BANK3   BANK4   BANK5   BANK6
      Params:         8       0       0       0       0       0       0       0
      Locals:         5       0       0       0       0       0       0       0
      Temps:          1       0       0       0       0       0       0       0
      Totals:        14       0       0       0       0       0       0       0
Total ram usage:       14 bytes
 Hardware stack levels used:    1
 This function calls:
		Nothing
 This function is called by:
		_calculatePartialPeriods
 This function uses a non-reentrant model



MODULE INFORMATION

Module		Function		Class		Link	Load	Size
C:\Program Files (x86)\Microchip\xc8\v2.00\pic\sources\c99\common\printf.c
		_printf        		CODE           	0092	0000	25

C:\Program Files (x86)\Microchip\xc8\v2.00\pic\sources\c99\common\printf.c estimated size: 25

C:\Program Files (x86)\Microchip\xc8\v2.00\pic\sources\c99\common\__lldiv.c
		___lldiv       		CODE           	01E2	0000	98

C:\Program Files (x86)\Microchip\xc8\v2.00\pic\sources\c99\common\__lldiv.c estimated size: 98

C:\Program Files (x86)\Microchip\xc8\v2.00\pic\sources\c99\common\putch.c
		_putch         		CODE           	008B	0000	2

C:\Program Files (x86)\Microchip\xc8\v2.00\pic\sources\c99\common\putch.c estimated size: 2

C:\Program Files (x86)\Microchip\xc8\v2.00\pic\sources\c99\common\strlen.c
		_strlen        		CODE           	00C7	0000	42

C:\Program Files (x86)\Microchip\xc8\v2.00\pic\sources\c99\common\strlen.c estimated size: 42

C:\Program Files (x86)\Microchip\xc8\v2.00\pic\sources\c99\common\almod.c
		___almod       		CODE           	032D	0000	133

C:\Program Files (x86)\Microchip\xc8\v2.00\pic\sources\c99\common\almod.c estimated size: 133

C:\Program Files (x86)\Microchip\xc8\v2.00\pic\sources\c99\common\nf_fputc.c
		_fputc         		CODE           	0145	0000	69

C:\Program Files (x86)\Microchip\xc8\v2.00\pic\sources\c99\common\nf_fputc.c estimated size: 69

C:\Program Files (x86)\Microchip\xc8\v2.00\pic\sources\c99\common\abs.c
		_abs           		CODE           	00AA	0000	30

C:\Program Files (x86)\Microchip\xc8\v2.00\pic\sources\c99\common\abs.c estimated size: 30

C:\Program Files (x86)\Microchip\xc8\v2.00\pic\sources\c99\common\doprnt.c
		_vfpfcnvrt     		CODE           	04DD	0000	214
		_pad           		CODE           	0189	0000	90
		_dtoa          		CODE           	06B5	0000	297
		_vfprintf      		CODE           	011A	0000	44

C:\Program Files (x86)\Microchip\xc8\v2.00\pic\sources\c99\common\doprnt.c estimated size: 645

PTSymmetryController.c
		_main          		CODE           	02AC	0000	130

PTSymmetryController.c estimated size: 130

pendulum.c
		_calculatePartialPeriods		CODE           	05B2	0000	260
		_measurePhotogateTimes		CODE           	03B1	0000	148

pendulum.c estimated size: 408

C:\Program Files (x86)\Microchip\xc8\v2.00\pic\sources\c99\common\awdiv.c
		___awdiv       		CODE           	0243	0000	106

C:\Program Files (x86)\Microchip\xc8\v2.00\pic\sources\c99\common\awdiv.c estimated size: 106

shared
		__initialization		CODE           	07DD	0000	33

shared estimated size: 33

C:\Program Files (x86)\Microchip\xc8\v2.00\pic\sources\c99\common\aldiv.c
		___aldiv       		CODE           	0444	0000	154

C:\Program Files (x86)\Microchip\xc8\v2.00\pic\sources\c99\common\aldiv.c estimated size: 154

C:\Program Files (x86)\Microchip\xc8\v2.00\pic\sources\c99\common\nf_fputs.c
		_fputs         		CODE           	00F0	0000	43

C:\Program Files (x86)\Microchip\xc8\v2.00\pic\sources\c99\common\nf_fputs.c estimated size: 43

